2025-09-17T12:32:34.507Z [info]: GET /
2025-09-17T12:32:34.549Z [info]: GET /favicon.ico
2025-09-17T12:32:45.318Z [info]: GET /
2025-09-17T12:32:47.941Z [info]: GET /
2025-09-17T12:32:48.968Z [info]: GET /
2025-09-17T12:34:09.795Z [info]: GET /
2025-09-17T12:34:09.873Z [info]: GET /favicon.ico
2025-09-17T13:00:06.129Z [info]: GET /
2025-09-17T13:19:09.944Z [info]: POST /api/login
2025-09-17T13:23:33.676Z [info]: GET /api/products
2025-09-17T13:23:33.681Z [info]: GET /api/products
2025-09-17T13:29:17.047Z [info]: GET /api/products
2025-09-17T13:29:17.050Z [info]: GET /api/products
2025-09-17T13:29:19.190Z [info]: GET /api/products
2025-09-17T13:29:19.191Z [info]: GET /api/orders
2025-09-17T13:29:19.193Z [info]: GET /api/products
2025-09-17T13:29:19.193Z [info]: GET /api/orders
2025-09-17T13:29:28.824Z [info]: GET /api/orders
2025-09-17T13:29:28.825Z [info]: GET /api/products
2025-09-17T13:29:28.827Z [info]: GET /api/orders
2025-09-17T13:29:28.827Z [info]: GET /api/products
2025-09-17T13:29:33.968Z [info]: POST /api/orders
2025-09-17T13:29:45.726Z [info]: POST /api/products
2025-09-17T13:29:47.459Z [info]: GET /api/products
2025-09-17T13:29:47.459Z [info]: GET /api/orders
2025-09-17T13:29:47.461Z [info]: GET /api/products
2025-09-17T13:29:47.462Z [info]: GET /api/orders
2025-09-17T13:29:50.213Z [info]: POST /api/orders
2025-09-17T13:29:54.171Z [info]: GET /api/products
2025-09-17T13:29:54.173Z [info]: GET /api/products
2025-09-17T13:30:52.559Z [info]: POST /api/login
2025-09-17T13:31:47.916Z [info]: POST /api/login
2025-09-17T13:33:51.081Z [info]: POST /api/login
2025-09-17T13:33:59.120Z [info]: GET /api/products
2025-09-17T13:33:59.121Z [info]: GET /api/products
2025-09-17T13:33:59.940Z [info]: GET /api/products
2025-09-17T13:33:59.941Z [info]: GET /api/orders
2025-09-17T13:33:59.942Z [info]: GET /api/products
2025-09-17T13:33:59.943Z [info]: GET /api/orders
2025-09-17T13:34:14.212Z [info]: GET /api/orders
2025-09-17T13:34:14.213Z [info]: GET /api/products
2025-09-17T13:34:14.215Z [info]: GET /api/orders
2025-09-17T13:34:14.216Z [info]: GET /api/products
2025-09-17T13:34:16.251Z [info]: POST /api/orders
2025-09-17T13:35:39.617Z [info]: GET /api/products
2025-09-17T13:35:39.618Z [info]: GET /api/products
2025-09-17T13:35:41.019Z [info]: GET /api/products
2025-09-17T13:35:41.019Z [info]: GET /api/orders
2025-09-17T13:35:41.021Z [info]: GET /api/products
2025-09-17T13:35:41.021Z [info]: GET /api/orders
2025-09-17T13:35:56.040Z [info]: GET /api/orders
2025-09-17T13:35:56.041Z [info]: GET /api/products
2025-09-17T13:35:56.042Z [info]: GET /api/orders
2025-09-17T13:35:56.043Z [info]: GET /api/products
2025-09-17T13:35:56.443Z [info]: GET /api/products
2025-09-17T13:35:56.445Z [info]: GET /api/products
